// Jest Snapshot v1, https://goo.gl/fbAQLP

exports[`Loader component should get valid snapshot 1`] = `
<div
  className="loader"
/>
`;
