// Jest Snapshot v1, https://goo.gl/fbAQLP

exports[`Note Component Note snapshot 1`] = `
<li>
  write a note
</li>
`;
